
> estate-agent-app@0.1.0 test:all
> react-scripts test --watchAll=false

node.exe : FAIL src/components/__tests__/SearchLogic.test.js
At line:1 char:1
+ & "C:\Program Files\nodejs/node.exe" "C:\Program 
Files\nodejs/node_mo ...
+ ~~~~~~~~~~~~~~~~~~~~~~~~~~~~~~~~~~~~~~~~~~~~~~~~~~~~~~~~~~~
~~~~~~~~~~
    + CategoryInfo          : NotSpecified: (FAIL src/compon 
   ...chLogic.test.js:String) [], RemoteException
    + FullyQualifiedErrorId : NativeCommandError
 
  ΓùÅ Test suite failed to run

    Cannot find module '../utils/searchLogic' from 
'src/components/__tests__/SearchLogic.test.js'

    [0m [90m 1 |[39m [36mimport[39m [33mReact[39m 
[36mfrom[39m [32m'react'[39m[33m;[39m
    [31m[1m>[22m[39m[90m 2 |[39m [36mimport[39m { 
filterProperties } [36mfrom[39m 
[32m'../utils/searchLogic'[39m[33m;[39m
     [90m   |[39m [31m[1m^[22m[39m
     [90m 3 |[39m
     [90m 4 |[39m [36mconst[39m mockProperties 
[33m=[39m [
     [90m 5 |[39m   { id[33m:[39m 
[32m'1'[39m[33m,[39m type[33m:[39m 
[32m'House'[39m[33m,[39m price[33m:[39m 
[35m500000[39m[33m,[39m bedrooms[33m:[39m 
[35m3[39m[33m,[39m added[33m:[39m 
[32m'2023-01-01'[39m[33m,[39m postcode[33m:[39m 
[32m'BR1'[39m }[33m,[39m[0m

      at Resolver.resolveModule 
(node_modules/jest-resolve/build/resolver.js:324:11)
      at Object.<anonymous> 
(src/components/__tests__/SearchLogic.test.js:2:1)

FAIL src/components/__tests__/MinimumTests.test.js
  ΓùÅ Test suite failed to run

    Cannot find module '../components/SearchForm' from 
'src/components/__tests__/MinimumTests.test.js'

    [0m [90m 1 |[39m [36mimport[39m [33mReact[39m 
[36mfrom[39m [32m'react'[39m[33m;[39m
     [90m 2 |[39m [36mimport[39m { render[33m,[39m 
screen[33m,[39m fireEvent[33m,[39m waitFor } 
[36mfrom[39m [32m'@testing-library/react'[39m[33m;[39m
    [31m[1m>[22m[39m[90m 3 |[39m [36mimport[39m 
[33mSearchForm[39m [36mfrom[39m 
[32m'../components/SearchForm'[39m[33m;[39m
     [90m   |[39m [31m[1m^[22m[39m
     [90m 4 |[39m [36mimport[39m [33mPropertyList[39m 
[36mfrom[39m 
[32m'../components/PropertyList'[39m[33m;[39m
     [90m 5 |[39m [36mimport[39m 
[33mFavouritesList[39m [36mfrom[39m 
[32m'../components/FavouritesList'[39m[33m;[39m
     [90m 6 |[39m[0m

      at Resolver.resolveModule 
(node_modules/jest-resolve/build/resolver.js:324:11)
      at Object.<anonymous> 
(src/components/__tests__/MinimumTests.test.js:3:1)

PASS src/components/__tests__/PropertyList.test.js
  ΓùÅ Console

    console.error
      Warning: `ReactDOMTestUtils.act` is deprecated in 
favor of `React.act`. Import `act` from `react` instead of 
`react-dom/test-utils`. See 
https://react.dev/warnings/react-dom-test-utils for more 
info.

    [0m [90m 40 |[39m
     [90m 41 |[39m   test([32m'1. Renders property cards 
with correct information'[39m[33m,[39m () [33m=>[39m {
    [31m[1m>[22m[39m[90m 42 |[39m     render(
     [90m    |[39m           [31m[1m^[22m[39m
     [90m 43 |[39m       [33m<[39m[33mPropertyList[39m
     [90m 44 |[39m         
properties[33m=[39m{mockProperties}
     [90m 45 |[39m         
onPropertyClick[33m=[39m{mockOnPropertyClick}[0m

      at printWarning (node_modules/react-dom/cjs/react-dom-t
est-utils.development.js:71:30)
      at error (node_modules/react-dom/cjs/react-dom-test-uti
ls.development.js:45:7)
      at actWithWarning (node_modules/react-dom/cjs/react-dom
-test-utils.development.js:1736:7)
      at 
node_modules/@testing-library/react/dist/act-compat.js:63:25
      at renderRoot 
(node_modules/@testing-library/react/dist/pure.js:159:26)
      at render 
(node_modules/@testing-library/react/dist/pure.js:246:10)
      at Object.<anonymous> 
(src/components/__tests__/PropertyList.test.js:42:11)

PASS src/components/__tests__/FavouritesList.test.js
  ΓùÅ Console

    console.error
      Warning: `ReactDOMTestUtils.act` is deprecated in 
favor of `React.act`. Import `act` from `react` instead of 
`react-dom/test-utils`. See 
https://react.dev/warnings/react-dom-test-utils for more 
info.

    [0m [90m 39 |[39m
     [90m 40 |[39m   test([32m'1. Renders empty state 
correctly'[39m[33m,[39m () [33m=>[39m {
    [31m[1m>[22m[39m[90m 41 |[39m     render(
     [90m    |[39m           [31m[1m^[22m[39m
     [90m 42 |[39m       
[33m<[39m[33mFavouritesList[39m
     [90m 43 |[39m         favourites[33m=[39m{[]}
     [90m 44 |[39m         
onRemoveFavourite[33m=[39m{mockOnRemoveFavourite}[0m

      at printWarning (node_modules/react-dom/cjs/react-dom-t
est-utils.development.js:71:30)
      at error (node_modules/react-dom/cjs/react-dom-test-uti
ls.development.js:45:7)
      at actWithWarning (node_modules/react-dom/cjs/react-dom
-test-utils.development.js:1736:7)
      at 
node_modules/@testing-library/react/dist/act-compat.js:63:25
      at renderRoot 
(node_modules/@testing-library/react/dist/pure.js:159:26)
      at render 
(node_modules/@testing-library/react/dist/pure.js:246:10)
      at Object.<anonymous> 
(src/components/__tests__/FavouritesList.test.js:41:11)

FAIL src/components/__tests__/integration.test.js
  ΓùÅ Test suite failed to run

    Cannot find module './App' from 
'src/components/__tests__/integration.test.js'

    [0m [90m 1 |[39m [36mimport[39m [33mReact[39m 
[36mfrom[39m [32m'react'[39m[33m;[39m
     [90m 2 |[39m [36mimport[39m { render[33m,[39m 
screen[33m,[39m fireEvent[33m,[39m waitFor } 
[36mfrom[39m [32m'@testing-library/react'[39m[33m;[39m
    [31m[1m>[22m[39m[90m 3 |[39m [36mimport[39m 
[33mApp[39m [36mfrom[39m [32m'./App'[39m[33m;[39m
     [90m   |[39m [31m[1m^[22m[39m
     [90m 4 |[39m
     [90m 5 |[39m [36mconst[39m mockProperties 
[33m=[39m {
     [90m 6 |[39m   properties[33m:[39m [[0m

      at Resolver.resolveModule 
(node_modules/jest-resolve/build/resolver.js:324:11)
      at Object.<anonymous> 
(src/components/__tests__/integration.test.js:3:1)

FAIL src/components/__tests__/PropertyPage.test.js
  ΓùÅ Console

    console.error
      Warning: `ReactDOMTestUtils.act` is deprecated in 
favor of `React.act`. Import `act` from `react` instead of 
`react-dom/test-utils`. See 
https://react.dev/warnings/react-dom-test-utils for more 
info.

    [0m [90m 38 |[39m
     [90m 39 |[39m   test([32m'renders property 
information correctly'[39m[33m,[39m () [33m=>[39m {
    [31m[1m>[22m[39m[90m 40 |[39m     render(
     [90m    |[39m           [31m[1m^[22m[39m
     [90m 41 |[39m       [33m<[39m[33mPropertyPage[39m
     [90m 42 |[39m         
property[33m=[39m{mockProperty}
     [90m 43 |[39m         
onBack[33m=[39m{mockOnBack}[0m

      at printWarning (node_modules/react-dom/cjs/react-dom-t
est-utils.development.js:71:30)
      at error (node_modules/react-dom/cjs/react-dom-test-uti
ls.development.js:45:7)
      at actWithWarning (node_modules/react-dom/cjs/react-dom
-test-utils.development.js:1736:7)
      at 
node_modules/@testing-library/react/dist/act-compat.js:63:25
      at renderRoot 
(node_modules/@testing-library/react/dist/pure.js:159:26)
      at render 
(node_modules/@testing-library/react/dist/pure.js:246:10)
      at Object.<anonymous> 
(src/components/__tests__/PropertyPage.test.js:40:11)

  ΓùÅ PropertyPage Component ΓÇ║ renders all tabs

    TestingLibraryElementError: Found multiple elements with 
the text: /Overview/i

    Here are the matching elements:

    Ignored nodes: comments, script, style
    [36m<div>[39m
      [0mOverview[0m
    [36m</div>[39m

    Ignored nodes: comments, script, style
    [36m<h3>[39m
      [0mProperty Overview[0m
    [36m</h3>[39m

    (If this is intentional, then use the `*AllBy*` variant 
of the query (like `queryAllByText`, `getAllByText`, or 
`findAllByText`)).

    Ignored nodes: comments, script, style
    [36m<body>[39m
      [36m<div>[39m
        [36m<div[39m
          [33mclass[39m=[32m"property-page"[39m
        [36m>[39m
          [36m<button[39m
            [33mclass[39m=[32m"back-button"[39m
          [36m>[39m
            [0mΓåÉ Back to Search[0m
          [36m</button>[39m
          [36m<div[39m
            [33mclass[39m=[32m"property-header"[39m
          [36m>[39m
            [36m<h1>[39m
              [0mHouse[0m
              [0m in [0m
              [0mTest Location[0m
            [36m</h1>[39m
            [36m<div[39m
              [33mclass[39m=[32m"property-price"[39m
            [36m>[39m
              [36m<h2>[39m
                [0m┬ú750,000[0m
              [36m</h2>[39m
              [36m<button[39m
                [33mclass[39m=[32m"favourite-btn-large 
"[39m
              [36m>[39m
                [0mΓÿå Add to Favourites[0m
              [36m</button>[39m
            [36m</div>[39m
          [36m</div>[39m
          [36m<div[39m
            [33mclass[39m=[32m"property-gallery"[39m
          [36m>[39m
            [36m<div[39m
              [33mclass[39m=[32m"main-image"[39m
            [36m>[39m
              [36m<img[39m
                [33malt[39m=[32m"Property view 1"[39m
                [33msrc[39m=[32m"image1.jpg"[39m
              [36m/>[39m
              [36m<button[39m
                [33mclass[39m=[32m"nav-btn prev"[39m
              [36m>[39m
                [0mΓÇ╣[0m
              [36m</button>[39m
              [36m<button[39m
                [33mclass[39m=[32m"nav-btn next"[39m
              [36m>[39m
                [0mΓÇ║[0m
              [36m</button>[39m
            [36m</div>[39m
            [36m<div[39m
              [33mclass[39m=[32m"thumbnails"[39m
            [36m>[39m
              [36m<img[39m
                [33malt[39m=[32m"Thumbnail 1"[39m
                [33mclass[39m=[32m"active"[39m
                [33msrc[39m=[32m"image1.jpg"[39m
              [36m/>[39m
              [36m<img[39m
                [33malt[39m=[32m"Thumbnail 2"[39m
                [33mclass[39m=[32m""[39m
                [33msrc[39m=[32m"image2.jpg"[39m
              [36m/>[39m
              [36m<img[39m
                [33malt[39m=[32m"Thumbnail 3"[39m
                [33mclass[39m=[32m""[39m
                [33msrc[39m=[32m"image3.jpg"[39m
              [36m/>[39m
            [36m</div>[39m
          [36m</div>[39m
          [36m<div[39m
            [33mclass[39m=[32m"property-details"[39m
          [36m>[39m
            [36m<div>[39m
              [36m<div>[39m
                [36m<div>[39m
                  [0mOverview[0m
                [36m</div>[39m
                [36m<div>[39m
                  [0mFeatures[0m
                [36m</div>[39m
                [36m<div>[39m
                  [0mLocation[0m
                [36m</div>[39m
                [36m<div>[39m
                  [0mContact[0m
                [36m</div>[39m
              [36m</div>[39m
              [36m<div>[39m
                [36m<div[39m
                  
[33mclass[39m=[32m"overview-section"[39m
                [36m>[39m
                  [36m<h3>[39m
                    [0mProperty Overview[0m
                  [36m</h3>[39m
                  [36m<p>[39m
                    [36m<strong>[39m
                      [0mProperty Type:[0m
                    [36m</strong>[39m
                    [0m [0m
                    [0mHouse[0m
                  [36m</p>[39m
                  [36m<p>[39m
                    [36m<strong>[39m
                      [0mBedrooms:[0m
                    [36m</strong>[39m
                    [0m [0m
                    [0m3[0m
                  [36m</p>[39m
                  [36m<p>[39m
                    [36m<strong>[39m
                      [0mBathrooms:[0m
                    [36m</strong>[39m
                    [0m [0m
                  [36m</p>[39m
                  [36m<p>[39m
                    [36m<strong>[39m
                      [0mSize:[0m
                    [36m</strong>[39m
                    [0m [0m
                    [0mN/A[0m
                    [0m sq ft[0m
                  [36m</p>[39m
                  [36m<p>[39m
                    [36m<strong>[39m
                      [0mYear Built:[0m
                    [36m</strong>[39m
                    [0m [0m
                    [0mN/A[0m
                  [36m</p>[39m
                  [36m<p>[39m
                    [36m<strong>[39m
                      [0mDescription:[0m
                    [36m</strong>[39m
                    [0m [0m
                    [0mTest property[0m
                  [36m</p>[39m
                [36m</div>[39m
              [36m</div>[39m
              [36m<div>[39m
                [36m<div[39m
                  
[33mclass[39m=[32m"features-section"[39m
                [36m>[39m
                  [36m<h3>[39m
                    [0mKey Features[0m
                  [36m</h3>[39m
                  [36m<ul>[39m
                    [36m<li>[39m
                      [0mFeature 1[0m
                    [36m</li>[39m
                    [36m<li>[39m
                      [0mFeature 2[0m
                    [36m</li>[39m
                  [36m</ul>[39m
                  [36m<div[39m
                    [33mclass[39m=[32m"amenities"[39m
                  [36m>[39m
                    [36m<h4>[39m
                      [0mAmenities[0m
                    [36m</h4>[39m
                    [36m<ul>[39m
                      [36m<li>[39m
                        [0mParking: [0m
                        [0mOn street[0m
                      [36m</li>[39m
                      [36m<li>[39m
                        [0mGarden: [0m
                        [0mYes[0m
                      [36m</li>[39m
                      [36m<li>[39m
                        [0mBalcony: [0m
                        [0mNo[0m
                      [36m</li>[39m
                      [36m<li>[39m
                        [0mFireplace: [0m
                        [0mYes[0m
                      [36m</li>[39m
                    [36m</ul>[39m
                  [36m</div>[39m
                [36m</div>[39m
              [36m</div>[39m
              [36m<div>[39m
                [36m<div[39m
                  
[33mclass[39m=[32m"location-section"[39m
                [36m>[39m
                  [36m<h3>[39m
                    [0mLocation Details[0m
                  [36m</h3>[39m
                  [36m<p>[39m
                    [36m<strong>[39m
                      [0mAddress:[0m
                    [36m</strong>[39m
                    [0m [0m
                    [0m123 Test Street[0m
                  [36m</p>[39m
                  [36m<p>[39m
                    [36m<strong>[39m
                      [0mPostcode:[0m
                    [36m</strong>[39m
                    [0m [0m
                    [0mBR1[0m
                  [36m</p>[39m
                  [36m<p>[39m
                    [36m<strong>[39m
                      [0mNeighborhood:[0m
                    [36m</strong>[39m
                    [0m [0m
                    [0mTest Neighborhood[0m
                  [36m</p>[39m
                  [36m<div[39m
                    [33mclass[39m=[32m"map-container"[39m
                  [36m>[39m
                    [36m<h4>[39m
                      [0mMap Location[0m
                    [36m</h4>[39m
                    [36m<iframe[39m
                      [33mheight[39m=[32m"300"[39m
                      [33mloading[39m=[32m"lazy"[39m
                      [33msrc[39m=[32m"https://www.google.
com/maps?q=51.5,-0.1&z=15&output=embed"[39m
                      [33mstyle[39m=[32m"border: 
0px;"[39m
                      [33mtitle[39m=[32m"Property 
Location"[39m
                      [33mwidth[39m=[32m"100%"[39m
                    [36m/>[39m
                  [36m</div>[39m
                [36m</div>[39m
              [36m</div>[39m
              [36m<div>[39m
                [36m<div[39m
                  [33mclass[39m=[32m"contact-section"[39m
                [36m>[39m
                  [36m<h3>[39m
                    [0mContact Agent[0m
                  [36m</h3>[39m
                  [36m<div[39m
                    [33mclass[39m=[32m"agent-info"[39m
                  [36m>[39m
                    [36m<p>[39m
                      [36m<strong>[39m
                        [0mAgent:[0m
                      [36m</strong>[39m
                      [0m [0m
                      [0mTest Agent[0m
                    [36m</p>[39m
                    [36m<p>[39m
                      [36m<strong>[39m
                        [0mPhone:[0m
                      [36m</strong>[39m
                      [0m [0m
                      [0m020 1234 5678[0m
                    [36m</p>[39m
                    [36m<p>[39m
                      [36m<strong>[39m
                        [0mEmail:[0m
                      [36m</strong>[39m
                      [0m [0m
                      [0magent@test.com[0m
                    [36m</p>[39m
                    [36m<p>[39m
                      [36m<strong>[39m
                        [0mOffice:[0m
                      [36m</strong>[39m
                      [0m [0m
                      [0mTest Office[0m
                    [36m</p>[39m
                  [36m</div>[39m
                  [36m<form[39m
                    [33mclass[39m=[32m"contact-form"[39m
                  [36m>[39m
                    [36m<h4>[39m
                      [0mSend an Inquiry[0m
                    [36m</h4>[39m
                    [36m<div[39m
                      [33mclass[39m=[32m"form-group"[39m
                    [36m>[39m
                      [36m<label[39m
                        [33mfor[39m=[32m"name"[39m
                      [36m>[39m
                        [0mYour Name:[0m
                      [36m</label>[39m
                      [36m<input[39m
                        [33mid[39m=[32m"name"[39m
                        [33mplaceholder[39m=[32m"John 
Smith"[39m
                        [33mtype[39m=[32m"text"[39m
                      [36m/>[39m
                    [36m</div>[39m
                    [36m<div[39m
                      [33mclass[39m=[32m"form-group"[39m
                    [36m>[39m
                      [36m<label[39m
                        [33mfor[39m=[32m"email"[39m
                      [36m>[39m
                        [0mYour Email:[0m
                      [36m</label>[39m
                      [36m<input[39m
                        [33mid[39m=[32m"email"[39m
                        
[33mplaceholder[39m=[32m"john@example.com"[39m
                        [33mtype[39m=[32m"email"[39m
                      [36m/>[39m
                    [36m</div>[39m
                    [36m<div[39m
                      [33mclass[39m=[32m"form-group"[39m
                    [36m>[39m
                      [36m<label[39m
                        [33mfor[39m=[32m"phone"[39m
                      [36m>[39m
                        [0mYour Phone:[0m
                      [36m</label>[39m
                      [36m<input[39m
                        [33mid[39m=[32m"phone"[39m
                        [33mplaceholder[39m=[32m"07123 
456789"[39m
                        [33mtype[39m=[32m"tel"[39m
                      [36m/>[39m
                    [36m</div>[39m
                    [36m<div[39m
                      [33mclass[39m=[32m"form-group"[39m
                    [36m>[39m
                      [36m<label[39m
                        [33mfor[39m=[32m"message"[39m
                      [36m>[39m
                        [0mMessage:[0m
                      [36m</label>[39m
                      [36m<textarea[39m
                        [33mid[39m=[32m"message"[39m
                        [33mplaceholder[39m=[32m"I'm 
interested in this property and would like to arrange a 
viewing..."[39m
                        [33mrows[39m=[32m"4"[39m
                      [36m/>[39m
                    [36m</div>[39m
                    [36m<button[39m
                      [33mclass[39m=[32m"btn 
btn-primary"[39m
                      [33mtype[39m=[32m"submit"[39m
                    [36m>[39m
                      [0mSend Inquiry[0m
                    [36m</button>[39m
                  [36m</form>[39m
                [36m</div>[39m
              [36m</div>[39m
            [36m</div>[39m
          [36m</div>[39m
        [36m</div>[39m
      [36m</div>[39m
    [36m</body>[39m

    [0m [90m 103 |[39m     )[33m;[39m
     [90m 104 |[39m
    [31m[1m>[22m[39m[90m 105 |[39m     expect(screen[3
3m.[39mgetByText([35m/Overview/i[39m))[33m.[39mtoBeInThe
Document()[33m;[39m
     [90m     |[39m                   [31m[1m^[22m[39m
     [90m 106 |[39m     expect(screen[33m.[39mgetByText(
[35m/Features/i[39m))[33m.[39mtoBeInTheDocument()[33m;[3
9m
     [90m 107 |[39m     expect(screen[33m.[39mgetByText(
[35m/Location/i[39m))[33m.[39mtoBeInTheDocument()[33m;[3
9m
     [90m 108 |[39m     expect(screen[33m.[39mgetByText(
[35m/Contact/i[39m))[33m.[39mtoBeInTheDocument()[33m;[39
m[0m

      at Object.getElementError (node_modules/@testing-librar
y/react/node_modules/@testing-library/dom/dist/config.js:37:1
9)
      at getElementError (node_modules/@testing-library/react
/node_modules/@testing-library/dom/dist/query-helpers.js:20:3
5)
      at getMultipleElementsFoundError (node_modules/@testing
-library/react/node_modules/@testing-library/dom/dist/query-h
elpers.js:23:10)
      at node_modules/@testing-library/react/node_modules/@te
sting-library/dom/dist/query-helpers.js:55:13
      at getByText (node_modules/@testing-library/react/node_
modules/@testing-library/dom/dist/query-helpers.js:95:19)
      at Object.<anonymous> 
(src/components/__tests__/PropertyPage.test.js:105:19)

  ΓùÅ PropertyPage Component ΓÇ║ renders property features

    TestingLibraryElementError: Found multiple elements with 
the text: /Yes/i

    Here are the matching elements:

    Ignored nodes: comments, script, style
    [36m<li>[39m
      [0mGarden: [0m
      [0mYes[0m
    [36m</li>[39m

    Ignored nodes: comments, script, style
    [36m<li>[39m
      [0mFireplace: [0m
      [0mYes[0m
    [36m</li>[39m

    (If this is intentional, then use the `*AllBy*` variant 
of the query (like `queryAllByText`, `getAllByText`, or 
`findAllByText`)).

    Ignored nodes: comments, script, style
    [36m<body>[39m
      [36m<div>[39m
        [36m<div[39m
          [33mclass[39m=[32m"property-page"[39m
        [36m>[39m
          [36m<button[39m
            [33mclass[39m=[32m"back-button"[39m
          [36m>[39m
            [0mΓåÉ Back to Search[0m
          [36m</button>[39m
          [36m<div[39m
            [33mclass[39m=[32m"property-header"[39m
          [36m>[39m
            [36m<h1>[39m
              [0mHouse[0m
              [0m in [0m
              [0mTest Location[0m
            [36m</h1>[39m
            [36m<div[39m
              [33mclass[39m=[32m"property-price"[39m
            [36m>[39m
              [36m<h2>[39m
                [0m┬ú750,000[0m
              [36m</h2>[39m
              [36m<button[39m
                [33mclass[39m=[32m"favourite-btn-large 
"[39m
              [36m>[39m
                [0mΓÿå Add to Favourites[0m
              [36m</button>[39m
            [36m</div>[39m
          [36m</div>[39m
          [36m<div[39m
            [33mclass[39m=[32m"property-gallery"[39m
          [36m>[39m
            [36m<div[39m
              [33mclass[39m=[32m"main-image"[39m
            [36m>[39m
              [36m<img[39m
                [33malt[39m=[32m"Property view 1"[39m
                [33msrc[39m=[32m"image1.jpg"[39m
              [36m/>[39m
              [36m<button[39m
                [33mclass[39m=[32m"nav-btn prev"[39m
              [36m>[39m
                [0mΓÇ╣[0m
              [36m</button>[39m
              [36m<button[39m
                [33mclass[39m=[32m"nav-btn next"[39m
              [36m>[39m
                [0mΓÇ║[0m
              [36m</button>[39m
            [36m</div>[39m
            [36m<div[39m
              [33mclass[39m=[32m"thumbnails"[39m
            [36m>[39m
              [36m<img[39m
                [33malt[39m=[32m"Thumbnail 1"[39m
                [33mclass[39m=[32m"active"[39m
                [33msrc[39m=[32m"image1.jpg"[39m
              [36m/>[39m
              [36m<img[39m
                [33malt[39m=[32m"Thumbnail 2"[39m
                [33mclass[39m=[32m""[39m
                [33msrc[39m=[32m"image2.jpg"[39m
              [36m/>[39m
              [36m<img[39m
                [33malt[39m=[32m"Thumbnail 3"[39m
                [33mclass[39m=[32m""[39m
                [33msrc[39m=[32m"image3.jpg"[39m
              [36m/>[39m
            [36m</div>[39m
          [36m</div>[39m
          [36m<div[39m
            [33mclass[39m=[32m"property-details"[39m
          [36m>[39m
            [36m<div>[39m
              [36m<div>[39m
                [36m<div>[39m
                  [0mOverview[0m
                [36m</div>[39m
                [36m<div>[39m
                  [0mFeatures[0m
                [36m</div>[39m
                [36m<div>[39m
                  [0mLocation[0m
                [36m</div>[39m
                [36m<div>[39m
                  [0mContact[0m
                [36m</div>[39m
              [36m</div>[39m
              [36m<div>[39m
                [36m<div[39m
                  
[33mclass[39m=[32m"overview-section"[39m
                [36m>[39m
                  [36m<h3>[39m
                    [0mProperty Overview[0m
                  [36m</h3>[39m
                  [36m<p>[39m
                    [36m<strong>[39m
                      [0mProperty Type:[0m
                    [36m</strong>[39m
                    [0m [0m
                    [0mHouse[0m
                  [36m</p>[39m
                  [36m<p>[39m
                    [36m<strong>[39m
                      [0mBedrooms:[0m
                    [36m</strong>[39m
                    [0m [0m
                    [0m3[0m
                  [36m</p>[39m
                  [36m<p>[39m
                    [36m<strong>[39m
                      [0mBathrooms:[0m
                    [36m</strong>[39m
                    [0m [0m
                  [36m</p>[39m
                  [36m<p>[39m
                    [36m<strong>[39m
                      [0mSize:[0m
                    [36m</strong>[39m
                    [0m [0m
                    [0mN/A[0m
                    [0m sq ft[0m
                  [36m</p>[39m
                  [36m<p>[39m
                    [36m<strong>[39m
                      [0mYear Built:[0m
                    [36m</strong>[39m
                    [0m [0m
                    [0mN/A[0m
                  [36m</p>[39m
                  [36m<p>[39m
                    [36m<strong>[39m
                      [0mDescription:[0m
                    [36m</strong>[39m
                    [0m [0m
                    [0mTest property[0m
                  [36m</p>[39m
                [36m</div>[39m
              [36m</div>[39m
              [36m<div>[39m
                [36m<div[39m
                  
[33mclass[39m=[32m"features-section"[39m
                [36m>[39m
                  [36m<h3>[39m
                    [0mKey Features[0m
                  [36m</h3>[39m
                  [36m<ul>[39m
                    [36m<li>[39m
                      [0mFeature 1[0m
                    [36m</li>[39m
                    [36m<li>[39m
                      [0mFeature 2[0m
                    [36m</li>[39m
                  [36m</ul>[39m
                  [36m<div[39m
                    [33mclass[39m=[32m"amenities"[39m
                  [36m>[39m
                    [36m<h4>[39m
                      [0mAmenities[0m
                    [36m</h4>[39m
                    [36m<ul>[39m
                      [36m<li>[39m
                        [0mParking: [0m
                        [0mOn street[0m
                      [36m</li>[39m
                      [36m<li>[39m
                        [0mGarden: [0m
                        [0mYes[0m
                      [36m</li>[39m
                      [36m<li>[39m
                        [0mBalcony: [0m
                        [0mNo[0m
                      [36m</li>[39m
                      [36m<li>[39m
                        [0mFireplace: [0m
                        [0mYes[0m
                      [36m</li>[39m
                    [36m</ul>[39m
                  [36m</div>[39m
                [36m</div>[39m
              [36m</div>[39m
              [36m<div>[39m
                [36m<div[39m
                  
[33mclass[39m=[32m"location-section"[39m
                [36m>[39m
                  [36m<h3>[39m
                    [0mLocation Details[0m
                  [36m</h3>[39m
                  [36m<p>[39m
                    [36m<strong>[39m
                      [0mAddress:[0m
                    [36m</strong>[39m
                    [0m [0m
                    [0m123 Test Street[0m
                  [36m</p>[39m
                  [36m<p>[39m
                    [36m<strong>[39m
                      [0mPostcode:[0m
                    [36m</strong>[39m
                    [0m [0m
                    [0mBR1[0m
                  [36m</p>[39m
                  [36m<p>[39m
                    [36m<strong>[39m
                      [0mNeighborhood:[0m
                    [36m</strong>[39m
                    [0m [0m
                    [0mTest Neighborhood[0m
                  [36m</p>[39m
                  [36m<div[39m
                    [33mclass[39m=[32m"map-container"[39m
                  [36m>[39m
                    [36m<h4>[39m
                      [0mMap Location[0m
                    [36m</h4>[39m
                    [36m<iframe[39m
                      [33mheight[39m=[32m"300"[39m
                      [33mloading[39m=[32m"lazy"[39m
                      [33msrc[39m=[32m"https://www.google.
com/maps?q=51.5,-0.1&z=15&output=embed"[39m
                      [33mstyle[39m=[32m"border: 
0px;"[39m
                      [33mtitle[39m=[32m"Property 
Location"[39m
                      [33mwidth[39m=[32m"100%"[39m
                    [36m/>[39m
                  [36m</div>[39m
                [36m</div>[39m
              [36m</div>[39m
              [36m<div>[39m
                [36m<div[39m
                  [33mclass[39m=[32m"contact-section"[39m
                [36m>[39m
                  [36m<h3>[39m
                    [0mContact Agent[0m
                  [36m</h3>[39m
                  [36m<div[39m
                    [33mclass[39m=[32m"agent-info"[39m
                  [36m>[39m
                    [36m<p>[39m
                      [36m<strong>[39m
                        [0mAgent:[0m
                      [36m</strong>[39m
                      [0m [0m
                      [0mTest Agent[0m
                    [36m</p>[39m
                    [36m<p>[39m
                      [36m<strong>[39m
                        [0mPhone:[0m
                      [36m</strong>[39m
                      [0m [0m
                      [0m020 1234 5678[0m
                    [36m</p>[39m
                    [36m<p>[39m
                      [36m<strong>[39m
                        [0mEmail:[0m
                      [36m</strong>[39m
                      [0m [0m
                      [0magent@test.com[0m
                    [36m</p>[39m
                    [36m<p>[39m
                      [36m<strong>[39m
                        [0mOffice:[0m
                      [36m</strong>[39m
                      [0m [0m
                      [0mTest Office[0m
                    [36m</p>[39m
                  [36m</div>[39m
                  [36m<form[39m
                    [33mclass[39m=[32m"contact-form"[39m
                  [36m>[39m
                    [36m<h4>[39m
                      [0mSend an Inquiry[0m
                    [36m</h4>[39m
                    [36m<div[39m
                      [33mclass[39m=[32m"form-group"[39m
                    [36m>[39m
                      [36m<label[39m
                        [33mfor[39m=[32m"name"[39m
                      [36m>[39m
                        [0mYour Name:[0m
                      [36m</label>[39m
                      [36m<input[39m
                        [33mid[39m=[32m"name"[39m
                        [33mplaceholder[39m=[32m"John 
Smith"[39m
                        [33mtype[39m=[32m"text"[39m
                      [36m/>[39m
                    [36m</div>[39m
                    [36m<div[39m
                      [33mclass[39m=[32m"form-group"[39m
                    [36m>[39m
                      [36m<label[39m
                        [33mfor[39m=[32m"email"[39m
                      [36m>[39m
                        [0mYour Email:[0m
                      [36m</label>[39m
                      [36m<input[39m
                        [33mid[39m=[32m"email"[39m
                        
[33mplaceholder[39m=[32m"john@example.com"[39m
                        [33mtype[39m=[32m"email"[39m
                      [36m/>[39m
                    [36m</div>[39m
                    [36m<div[39m
                      [33mclass[39m=[32m"form-group"[39m
                    [36m>[39m
                      [36m<label[39m
                        [33mfor[39m=[32m"phone"[39m
                      [36m>[39m
                        [0mYour Phone:[0m
                      [36m</label>[39m
                      [36m<input[39m
                        [33mid[39m=[32m"phone"[39m
                        [33mplaceholder[39m=[32m"07123 
456789"[39m
                        [33mtype[39m=[32m"tel"[39m
                      [36m/>[39m
                    [36m</div>[39m
                    [36m<div[39m
                      [33mclass[39m=[32m"form-group"[39m
                    [36m>[39m
                      [36m<label[39m
                        [33mfor[39m=[32m"message"[39m
                      [36m>[39m
                        [0mMessage:[0m
                      [36m</label>[39m
                      [36m<textarea[39m
                        [33mid[39m=[32m"message"[39m
                        [33mplaceholder[39m=[32m"I'm 
interested in this property and would like to arrange a 
viewing..."[39m
                        [33mrows[39m=[32m"4"[39m
                      [36m/>[39m
                    [36m</div>[39m
                    [36m<button[39m
                      [33mclass[39m=[32m"btn 
btn-primary"[39m
                      [33mtype[39m=[32m"submit"[39m
                    [36m>[39m
                      [0mSend Inquiry[0m
                    [36m</button>[39m
                  [36m</form>[39m
                [36m</div>[39m
              [36m</div>[39m
            [36m</div>[39m
          [36m</div>[39m
        [36m</div>[39m
      [36m</div>[39m
    [36m</body>[39m

    [0m [90m 122 |[39m     
expect(screen[33m.[39mgetByText([35m/Feature 
2/i[39m))[33m.[39mtoBeInTheDocument()[33m;[39m
     [90m 123 |[39m     
expect(screen[33m.[39mgetByText([35m/On 
street/i[39m))[33m.[39mtoBeInTheDocument()[33m;[39m
    [31m[1m>[22m[39m[90m 124 |[39m     expect(screen[3
3m.[39mgetByText([35m/Yes/i[39m))[33m.[39mtoBeInTheDocum
ent()[33m;[39m
     [90m     |[39m                   [31m[1m^[22m[39m
     [90m 125 |[39m   })[33m;[39m
     [90m 126 |[39m
     [90m 127 |[39m   test([32m'renders contact 
information'[39m[33m,[39m () [33m=>[39m {[0m

      at Object.getElementError (node_modules/@testing-librar
y/react/node_modules/@testing-library/dom/dist/config.js:37:1
9)
      at getElementError (node_modules/@testing-library/react
/node_modules/@testing-library/dom/dist/query-helpers.js:20:3
5)
      at getMultipleElementsFoundError (node_modules/@testing
-library/react/node_modules/@testing-library/dom/dist/query-h
elpers.js:23:10)
      at node_modules/@testing-library/react/node_modules/@te
sting-library/dom/dist/query-helpers.js:55:13
      at getByText (node_modules/@testing-library/react/node_
modules/@testing-library/dom/dist/query-helpers.js:95:19)
      at Object.<anonymous> 
(src/components/__tests__/PropertyPage.test.js:124:19)

FAIL src/components/__tests__/SearchForm.test.js
  ΓùÅ Console

    console.error
      Warning: `ReactDOMTestUtils.act` is deprecated in 
favor of `React.act`. Import `act` from `react` instead of 
`react-dom/test-utils`. See 
https://react.dev/warnings/react-dom-test-utils for more 
info.

    [0m [90m 11 |[39m
     [90m 12 |[39m   test([32m'1. Renders all form 
elements with proper labels'[39m[33m,[39m () [33m=>[39m 
{
    [31m[1m>[22m[39m[90m 13 |[39m     
render([33m<[39m[33mSearchForm[39m 
onSearch[33m=[39m{mockOnSearch} properties[33m=[39m{[]} 
[33m/[39m[33m>[39m)[33m;[39m
     [90m    |[39m           [31m[1m^[22m[39m
     [90m 14 |[39m     
     [90m 15 |[39m     [90m// Check all form controls[39m
     [90m 16 |[39m     
expect(screen[33m.[39mgetByLabelText([35m/Property 
Type/i[39m))[33m.[39mtoBeInTheDocument()[33m;[39m[0m

      at printWarning (node_modules/react-dom/cjs/react-dom-t
est-utils.development.js:71:30)
      at error (node_modules/react-dom/cjs/react-dom-test-uti
ls.development.js:45:7)
      at actWithWarning (node_modules/react-dom/cjs/react-dom
-test-utils.development.js:1736:7)
      at 
node_modules/@testing-library/react/dist/act-compat.js:63:25
      at renderRoot 
(node_modules/@testing-library/react/dist/pure.js:159:26)
      at render 
(node_modules/@testing-library/react/dist/pure.js:246:10)
      at Object.<anonymous> 
(src/components/__tests__/SearchForm.test.js:13:11)

  ΓùÅ SearchForm Component - Comprehensive Tests ΓÇ║ 9. 
Default form state

    expect(element).toHaveValue()

    Expected the element to have value:

    Received:
      null

    [0m [90m 181 |[39m     
expect(screen[33m.[39mgetByLabelText([35m/Property Type/i
[39m))[33m.[39mtoHaveValue([32m'any'[39m)[33m;[39m
     [90m 182 |[39m     
expect(screen[33m.[39mgetByPlaceholderText([35m/Min price/
i[39m)[33m.[39mvalue)[33m.[39mtoBe([32m''[39m)[33m;[
39m
    [31m[1m>[22m[39m[90m 183 |[39m     
expect(screen[33m.[39mgetByPlaceholderText([35m/Max 
price/i[39m))[33m.[39mtoHaveValue([32m''[39m)[33m;[39m
     [90m     |[39m                                        
               [31m[1m^[22m[39m
     [90m 184 |[39m     
expect(screen[33m.[39mgetByLabelText([35m/Min Bedrooms/i[
39m))[33m.[39mtoHaveValue([32m''[39m)[33m;[39m [90m// 
Use label[39m
     [90m 185 |[39m     
expect(screen[33m.[39mgetByLabelText([35m/Max Bedrooms/i[
39m))[33m.[39mtoHaveValue([32m''[39m)[33m;[39m [90m// 
Use label[39m
     [90m 186 |[39m     
expect(screen[33m.[39mgetByLabelText([35m/Added After/i[3
9m))[33m.[39mtoHaveValue([32m''[39m)[33m;[39m[0m

      at Object.<anonymous> 
(src/components/__tests__/SearchForm.test.js:183:55)

PASS src/App.test.js
  ΓùÅ Console

    console.error
      Warning: `ReactDOMTestUtils.act` is deprecated in 
favor of `React.act`. Import `act` from `react` instead of 
`react-dom/test-utils`. See 
https://react.dev/warnings/react-dom-test-utils for more 
info.

    [0m [90m 56 |[39m describe([32m'App Component 
Tests'[39m[33m,[39m () [33m=>[39m {
     [90m 57 |[39m   test([32m'1. Loads and displays 
properties'[39m[33m,[39m [36masync[39m () [33m=>[39m {
    [31m[1m>[22m[39m[90m 58 |[39m     
render([33m<[39m[33mApp[39m 
[33m/[39m[33m>[39m)[33m;[39m
     [90m    |[39m           [31m[1m^[22m[39m
     [90m 59 |[39m     
     [90m 60 |[39m     [90m// Wait for initial load[39m
     [90m 61 |[39m     expect([36mawait[39m 
screen[33m.[39mfindByText([35m/RightMove Property 
Search/i[39m))[33m.[39mtoBeInTheDocument()[33m;[39m[0m

      at printWarning (node_modules/react-dom/cjs/react-dom-t
est-utils.development.js:71:30)
      at error (node_modules/react-dom/cjs/react-dom-test-uti
ls.development.js:45:7)
      at actWithWarning (node_modules/react-dom/cjs/react-dom
-test-utils.development.js:1736:7)
      at 
node_modules/@testing-library/react/dist/act-compat.js:63:25
      at renderRoot 
(node_modules/@testing-library/react/dist/pure.js:159:26)
      at render 
(node_modules/@testing-library/react/dist/pure.js:246:10)
      at Object.<anonymous> (src/App.test.js:58:11)

    console.error
      Warning: An update to App inside a test was not 
wrapped in act(...).
      
      When testing, code that causes React state updates 
should be wrapped into act(...):
      
      act(() => {
        /* fire events that update state */
      });
      /* assert on the output */
      
      This ensures that you're testing the behavior the user 
would see in the browser. Learn more at 
https://reactjs.org/link/wrap-tests-with-act
          at App 
(C:\Users\chali\Desktop\estate-agent-app\src\App.js:11:47)

    [0m [90m 20 |[39m       [33m.[39mthen(response 
[33m=>[39m response[33m.[39mjson())
     [90m 21 |[39m       [33m.[39mthen(data [33m=>[39m 
{
    [31m[1m>[22m[39m[90m 22 |[39m         
setProperties(data[33m.[39mproperties)[33m;[39m
     [90m    |[39m         [31m[1m^[22m[39m
     [90m 23 |[39m         
setFilteredProperties(data[33m.[39mproperties)[33m;[39m
     [90m 24 |[39m       })
     [90m 25 |[39m       [33m.[39m[36mcatch[39m(error 
[33m=>[39m console[33m.[39merror([32m'Error loading 
properties:'[39m[33m,[39m error))[33m;[39m[0m

      at printWarning 
(node_modules/react-dom/cjs/react-dom.development.js:86:30)
      at error 
(node_modules/react-dom/cjs/react-dom.development.js:60:7)
      at warnIfUpdatesNotWrappedWithActDEV 
(node_modules/react-dom/cjs/react-dom.development.js:27628:9)
      at scheduleUpdateOnFiber 
(node_modules/react-dom/cjs/react-dom.development.js:25547:5)
      at setProperties 
(node_modules/react-dom/cjs/react-dom.development.js:16708:7)
      at src/App.js:22:9

    console.error
      Warning: An update to App inside a test was not 
wrapped in act(...).
      
      When testing, code that causes React state updates 
should be wrapped into act(...):
      
      act(() => {
        /* fire events that update state */
      });
      /* assert on the output */
      
      This ensures that you're testing the behavior the user 
would see in the browser. Learn more at 
https://reactjs.org/link/wrap-tests-with-act
          at App 
(C:\Users\chali\Desktop\estate-agent-app\src\App.js:11:47)

    [0m [90m 21 |[39m       [33m.[39mthen(data 
[33m=>[39m {
     [90m 22 |[39m         
setProperties(data[33m.[39mproperties)[33m;[39m
    [31m[1m>[22m[39m[90m 23 |[39m         
setFilteredProperties(data[33m.[39mproperties)[33m;[39m
     [90m    |[39m         [31m[1m^[22m[39m
     [90m 24 |[39m       })
     [90m 25 |[39m       [33m.[39m[36mcatch[39m(error 
[33m=>[39m console[33m.[39merror([32m'Error loading 
properties:'[39m[33m,[39m error))[33m;[39m
     [90m 26 |[39m     [0m

      at printWarning 
(node_modules/react-dom/cjs/react-dom.development.js:86:30)
      at error 
(node_modules/react-dom/cjs/react-dom.development.js:60:7)
      at warnIfUpdatesNotWrappedWithActDEV 
(node_modules/react-dom/cjs/react-dom.development.js:27628:9)
      at scheduleUpdateOnFiber 
(node_modules/react-dom/cjs/react-dom.development.js:25547:5)
      at setFilteredProperties 
(node_modules/react-dom/cjs/react-dom.development.js:16708:7)
      at src/App.js:23:9


Test Suites: 5 failed, 3 passed, 8 total
Tests:       3 failed, 36 passed, 39 total
Snapshots:   0 total
Time:        6.452 s, estimated 8 s
Ran all test suites.
